                                                                                                    
                                                                                                    
                                                                                                    
                                                                                                    
                                                                                                    
                                                                                                    
                                                                                                    
                                                                                                    
                               ╭────────────────────────────────────╮                               
                               │ ACTIONS — Beta                     │                               
                               │ > enter  open in preferred editor  │                               
                               │   d  detail                        │                               
                               │   h  doctor                        │                               
                               │   a  build agent map               │                               
                               │   f  flow to another stage         │                               
                               │   A  delta (archive)               │                               
                               │   y  copy path                     │                               
                               │   o  reveal folder                 │                               
                               │   ?  help                          │                               
                               │                                    │                               
                               │ ↑↓ choose · enter run · esc cancel │                               
                               ╰────────────────────────────────────╯                               
                                                                                                    
                                                                                                    
                                                                                                    
                                                                                                    
                                                                                                    
                                                                                                    
                                                                                                    
                                                                                                    