Source — Identity                                                                                   
────────────────                                                                                    
                                                                                                    
▸ 1 Identity · 2 Classification · 3 Stack · 4 Automation · 5 Dry run                                
                                                                                                    
▸ Name:                                                                                             
  ! Name is required                                                                                
  Slug:               —                                                                             
  Description:        —                                                                             
                                                                                                    
                                                                                                    
tab next field • shift+tab previous • enter next step • ctrl+s save • esc cancel                    