RIVU PROJECT EXPLORER                                                                             /w
ALL 3   SOURCE 1   ACTIVE 1   MAINT 1   RESEARCH 0   DELTA 0   AVG HEALTH 64/100   CURRENT —   LAST 
SCAN never                                                                                          
╭──────────────────╮ ╭───────────────────────────────────────────────────────────────────────────╮  
│ FLOW             │ │ ALL PROJECTS                                                          1/3 │  
│                  │ │   NAME                       PATH        LANGUAGE     CHANNEL     HEALTH  │  
│ ▸ ALL            │ │ ───────────────────────────────────────────────────────────────────────── │  
│ 3                │ │ › Beta                       …/w/beta    rust                     61/100  │  
│   SOURCE         │ │   Gamma                      …/w/gamma   go                       44/100  │  
│ 1                │ │   Alpha                      …/w/alpha   go                       88/100  │  
│   ACTIVE         │ │                                                                           │  
│ 1                │ │                                                                           │  
│   MAINTENANCE    │ │                                                                           │  
│ 1                │ │                                                                           │  
│   RESEARCH       │ │                                                                           │  
│ 0                │ │                                                                           │  
│   DELTA          │ │                                                                           │  
│ 0                │ │                                                                           │  
│                  │ │                                                                           │  
│ WORKSPACE        │ │                                                                           │  
│ /w               │ │                                                                           │  
│                  │ │                                                                           │  
│ QUICK ACTIONS    │ │                                                                           │  
│ r  rescan        │ │                                                                           │  
│ /  search        │ │                                                                           │  
│ d  detail        │ │                                                                           │  
│ h  doctor        │ │                                                                           │  
│ a  map           │ │                                                                           │  
│ f  flow          │ ╰───────────────────────────────────────────────────────────────────────────╯  
│ o  reveal        │                                                                                
│ y  copy path     │                                                                                
╰──────────────────╯                                                                                
tab switch panel • k up • j down • / search • esc clear filter • enter open • r refresh • q quit    